******************************************************************************
                  TI ARM Linker PC v15.12.3                    
******************************************************************************
>> Linked Mon Feb 27 19:12:18 2017

OUTPUT FILE NAME:   <RTOS.out>
ENTRY POINT SYMBOL: "_c_int00"  address: 00001175


MEMORY CONFIGURATION

         name            origin    length      used     unused   attr    fill
----------------------  --------  ---------  --------  --------  ----  --------
  FLASH                 00000000   00040000  00001328  0003ecd8  R  X
  SRAM                  20000000   00008000  00000b71  0000748f  RW X


SEGMENT ALLOCATION MAP

run origin  load origin   length   init length attrs members
----------  ----------- ---------- ----------- ----- -------
00000000    00000000    0000132c   0000132c    r-x
  00000000    00000000    0000026c   0000026c    r-- .intvecs
  0000026c    0000026c    00001078   00001078    r-x .text
  000012e8    000012e8    00000044   00000044    r-- .cinit
20000000    20000000    00000b74   00000000    rw-
  20000000    20000000    00000951   00000000    rw- .bss
  20000954    20000954    00000200   00000000    rw- .stack
  20000b54    20000b54    00000020   00000000    rw- .data


SECTION ALLOCATION MAP

 output                                  attributes/
section   page    origin      length       input sections
--------  ----  ----------  ----------   ----------------
.intvecs   0    00000000    0000026c     
                  00000000    0000026c     tm4c123gh6pm_startup_ccs.obj (.intvecs)

.text      0    0000026c    00001078     
                  0000026c    00000d14     main.obj (.text)
                  00000f80    0000009c     rtsv7M4_T_le_v4SPD16_eabi.lib : memcpy_t2.obj (.text)
                  0000101c    0000007a                                   : memset_t2.obj (.text)
                  00001096    00000002                                   : mpu_init.obj (.text)
                  00001098    00000070                                   : autoinit.obj (.text)
                  00001108    0000006a                                   : copy_decompress_rle.obj (.text)
                  00001172    00000002                                   : startup.obj (.text)
                  00001174    00000054                                   : boot.obj (.text)
                  000011c8    00000054                                   : exit.obj (.text)
                  0000121c    0000004c                                   : cpy_tbl.obj (.text)
                  00001268    00000018                                   : args_main.obj (.text)
                  00001280    00000018                                   : strcmp.obj (.text)
                  00001298    00000014                                   : _lock.obj (.text)
                  000012ac    00000014                                   : strlen.obj (.text)
                  000012c0    0000000e                                   : copy_decompress_none.obj (.text:decompress:none)
                  000012ce    0000000c     tm4c123gh6pm_startup_ccs.obj (.text)
                  000012da    00000006     rtsv7M4_T_le_v4SPD16_eabi.lib : copy_decompress_rle.obj (.text:decompress:rle24)
                  000012e0    00000004                                   : pre_init.obj (.text)

.cinit     0    000012e8    00000044     
                  000012e8    0000001a     (.cinit..data.load) [load image, compression = rle]
                  00001302    00000006     --HOLE-- [fill = 0]
                  00001308    0000000b     (.cinit..bss.load) [load image, compression = rle]
                  00001313    00000001     --HOLE-- [fill = 0]
                  00001314    00000008     (__TI_handler_table)
                  0000131c    00000010     (__TI_cinit_table)

.init_array 
*          0    00000000    00000000     UNINITIALIZED

.bss       0    20000000    00000951     UNINITIALIZED
                  20000000    00000800     (.common:stack)
                  20000800    00000078     (.common:semaphores)
                  20000878    00000058     (.common:tcb)
                  200008d0    00000054     (.common:str_new1)
                  20000924    00000014     (.common:field_position)
                  20000938    00000004     (.common:flashReq)
                  2000093c    00000004     (.common:i)
                  20000940    00000004     (.common:keyPressed)
                  20000944    00000004     (.common:keyReleased)
                  20000948    00000004     (.common:resource)
                  2000094c    00000002     (.common:j)
                  2000094e    00000002     (.common:p)
                  20000950    00000001     (.common:maxCount)

.stack     0    20000954    00000200     UNINITIALIZED
                  20000954    00000200     --HOLE--

.data      0    20000b54    00000020     UNINITIALIZED
                  20000b54    0000000c     rtsv7M4_T_le_v4SPD16_eabi.lib : exit.obj (.data:$O1$$)
                  20000b60    00000008                                   : _lock.obj (.data:$O1$$)
                  20000b68    00000007     main.obj (.data)
                  20000b6f    00000001     --HOLE--
                  20000b70    00000004     rtsv7M4_T_le_v4SPD16_eabi.lib : stkdepth_vars.obj (.data)

MODULE SUMMARY

       Module                         code   ro data   rw data
       ------                         ----   -------   -------
    .\
       main.obj                       3348   0         2392   
       tm4c123gh6pm_startup_ccs.obj   12     620       0      
    +--+------------------------------+------+---------+---------+
       Total:                         3360   620       2392   
                                                              
    C:\ti\ccsv6\tools\compiler\arm_15.12.3.LTS\lib\rtsv7M4_T_le_v4SPD16_eabi.lib
       memcpy_t2.obj                  156    0         0      
       memset_t2.obj                  122    0         0      
       autoinit.obj                   112    0         0      
       copy_decompress_rle.obj        112    0         0      
       exit.obj                       84     0         12     
       boot.obj                       84     0         0      
       cpy_tbl.obj                    76     0         0      
       _lock.obj                      20     0         8      
       args_main.obj                  24     0         0      
       strcmp.obj                     24     0         0      
       strlen.obj                     20     0         0      
       copy_decompress_none.obj       14     0         0      
       pre_init.obj                   4      0         0      
       stkdepth_vars.obj              0      0         4      
       mpu_init.obj                   2      0         0      
       startup.obj                    2      0         0      
    +--+------------------------------+------+---------+---------+
       Total:                         856    0         24     
                                                              
       Stack:                         0      0         512    
       Linker Generated:              0      61        0      
    +--+------------------------------+------+---------+---------+
       Grand Total:                   4216   681       2928   


LINKER GENERATED COPY TABLES

__TI_cinit_table @ 0000131c records: 2, size/record: 8, table size: 16
	.data: load addr=000012e8, load size=0000001a bytes, run addr=20000b54, run size=00000020 bytes, compression=rle
	.bss: load addr=00001308, load size=0000000b bytes, run addr=20000000, run size=00000951 bytes, compression=rle


LINKER GENERATED HANDLER TABLE

__TI_handler_table @ 00001314 records: 2, size/record: 4, table size: 8
	index: 0, handler: __TI_decompress_rle24
	index: 1, handler: __TI_decompress_none


GLOBAL SYMBOLS: SORTED ALPHABETICALLY BY Name 

address   name                           
-------   ----                           
000011c9  C$$EXIT                        
000012cf  ResetISR                       
UNDEFED   SHT$$INIT_ARRAY$$Base          
UNDEFED   SHT$$INIT_ARRAY$$Limit         
20000b54  __STACK_END                    
00000200  __STACK_SIZE                   
20000b54  __STACK_TOP                    
0000131c  __TI_CINIT_Base                
0000132c  __TI_CINIT_Limit               
00001314  __TI_Handler_Table_Base        
0000131c  __TI_Handler_Table_Limit       
00001099  __TI_auto_init                 
20000b54  __TI_cleanup_ptr               
000012c1  __TI_decompress_none           
000012db  __TI_decompress_rle24          
20000b58  __TI_dtors_ptr                 
20000b5c  __TI_enable_exit_profile_output
ffffffff  __TI_pprof_out_hndl            
ffffffff  __TI_prof_data_size            
ffffffff  __TI_prof_data_start           
00000000  __TI_static_base__             
0000101d  __aeabi_memclr                 
0000101d  __aeabi_memclr4                
0000101d  __aeabi_memclr8                
00000f81  __aeabi_memcpy                 
00000f81  __aeabi_memcpy4                
00000f81  __aeabi_memcpy8                
0000101f  __aeabi_memset                 
0000101f  __aeabi_memset4                
0000101f  __aeabi_memset8                
ffffffff  __binit__                      
ffffffff  __c_args__                     
00001097  __mpu_init                     
20000954  __stack                        
00001269  _args_main                     
00001175  _c_int00                       
20000b60  _lock                          
000012a7  _nop                           
0000129f  _register_lock                 
00001299  _register_unlock               
00001173  _system_post_cinit             
000012e1  _system_pre_init               
20000b64  _unlock                        
000011cd  abort                          
ffffffff  binit                          
000002e5  check_string                   
0000121d  copy_in                        
00000859  createSemaphore                
000006a1  createThread                   
00000dbd  debounce                       
00000801  destroyThread                  
000011d5  exit                           
20000b6c  field_count                    
20000924  field_position                 
20000b69  flag                           
00000c9d  flash4Hz                       
20000938  flashReq                       
00000000  g_pfnVectors                   
00000be9  getcUart0                      
000005c5  getsp                          
0000026d  getstring                      
2000093c  i                              
00000c5d  idle                           
00000c81  idle2                          
00000e6d  important                      
00000b11  initHw                         
00000537  iscommand                      
2000094c  j                              
20000940  keyPressed                     
20000944  keyReleased                    
00000ced  lengthyFn                      
00000ea1  main                           
20000b70  main_func_sp                   
20000950  maxCount                       
00000f81  memcpy                         
00001025  memset                         
00000cb5  oneshot                        
2000094e  p                              
00000cd5  partOfLengthyFn                
00000b05  pendSvIsr                      
000009f1  post                           
00000ba5  putcUart0                      
00000bc1  putsUart0                      
00000d33  readKeys                       
00000c29  readPbs                        
20000948  resource                       
00000563  rtosInit                       
000005d9  rtosScheduler                  
0000067f  rtosStart                      
20000b68  semaphoreCount                 
20000800  semaphores                     
000005cb  setsp                          
00000e95  shell                          
000008e9  sleep                          
20000000  stack                          
200008d0  str_new1                       
00001281  strcmp                         
000012ad  strlen                         
00000b03  svCallIsr                      
00000a9d  systickIsr                     
20000b6b  taskCount                      
20000b6a  taskCurrent                    
20000b6d  taskWaiting                    
20000878  tcb                            
00000e1d  uncooperative                  
00000951  wait                           
00000c05  waitMicrosecond                
0000089d  yield                          


GLOBAL SYMBOLS: SORTED BY Symbol Address 

address   name                           
-------   ----                           
00000000  __TI_static_base__             
00000000  g_pfnVectors                   
00000200  __STACK_SIZE                   
0000026d  getstring                      
000002e5  check_string                   
00000537  iscommand                      
00000563  rtosInit                       
000005c5  getsp                          
000005cb  setsp                          
000005d9  rtosScheduler                  
0000067f  rtosStart                      
000006a1  createThread                   
00000801  destroyThread                  
00000859  createSemaphore                
0000089d  yield                          
000008e9  sleep                          
00000951  wait                           
000009f1  post                           
00000a9d  systickIsr                     
00000b03  svCallIsr                      
00000b05  pendSvIsr                      
00000b11  initHw                         
00000ba5  putcUart0                      
00000bc1  putsUart0                      
00000be9  getcUart0                      
00000c05  waitMicrosecond                
00000c29  readPbs                        
00000c5d  idle                           
00000c81  idle2                          
00000c9d  flash4Hz                       
00000cb5  oneshot                        
00000cd5  partOfLengthyFn                
00000ced  lengthyFn                      
00000d33  readKeys                       
00000dbd  debounce                       
00000e1d  uncooperative                  
00000e6d  important                      
00000e95  shell                          
00000ea1  main                           
00000f81  __aeabi_memcpy                 
00000f81  __aeabi_memcpy4                
00000f81  __aeabi_memcpy8                
00000f81  memcpy                         
0000101d  __aeabi_memclr                 
0000101d  __aeabi_memclr4                
0000101d  __aeabi_memclr8                
0000101f  __aeabi_memset                 
0000101f  __aeabi_memset4                
0000101f  __aeabi_memset8                
00001025  memset                         
00001097  __mpu_init                     
00001099  __TI_auto_init                 
00001173  _system_post_cinit             
00001175  _c_int00                       
000011c9  C$$EXIT                        
000011cd  abort                          
000011d5  exit                           
0000121d  copy_in                        
00001269  _args_main                     
00001281  strcmp                         
00001299  _register_unlock               
0000129f  _register_lock                 
000012a7  _nop                           
000012ad  strlen                         
000012c1  __TI_decompress_none           
000012cf  ResetISR                       
000012db  __TI_decompress_rle24          
000012e1  _system_pre_init               
00001314  __TI_Handler_Table_Base        
0000131c  __TI_CINIT_Base                
0000131c  __TI_Handler_Table_Limit       
0000132c  __TI_CINIT_Limit               
20000000  stack                          
20000800  semaphores                     
20000878  tcb                            
200008d0  str_new1                       
20000924  field_position                 
20000938  flashReq                       
2000093c  i                              
20000940  keyPressed                     
20000944  keyReleased                    
20000948  resource                       
2000094c  j                              
2000094e  p                              
20000950  maxCount                       
20000954  __stack                        
20000b54  __STACK_END                    
20000b54  __STACK_TOP                    
20000b54  __TI_cleanup_ptr               
20000b58  __TI_dtors_ptr                 
20000b5c  __TI_enable_exit_profile_output
20000b60  _lock                          
20000b64  _unlock                        
20000b68  semaphoreCount                 
20000b69  flag                           
20000b6a  taskCurrent                    
20000b6b  taskCount                      
20000b6c  field_count                    
20000b6d  taskWaiting                    
20000b70  main_func_sp                   
ffffffff  __TI_pprof_out_hndl            
ffffffff  __TI_prof_data_size            
ffffffff  __TI_prof_data_start           
ffffffff  __binit__                      
ffffffff  __c_args__                     
ffffffff  binit                          
UNDEFED   SHT$$INIT_ARRAY$$Base          
UNDEFED   SHT$$INIT_ARRAY$$Limit         

[108 symbols]
